// Jest Snapshot v1, https://goo.gl/fbAQLP

exports[`Property Tile tests should render without crashing and match snapshot 1`] = `
<div>
  <div
    class="property__container "
  >
    <div
      class="property-header"
      style="background-color: rgb(255, 229, 18);"
    >
      <img
        alt="Agency Logo"
        class="logo-image"
        src="https://i1.au.reastatic.net/170x32/d9e65c666e427e655fb63dcfe73f50d4ac7ff9a58c173db9474bd92e75b01070/main.gif"
      />
    </div>
    <img
      alt="Property"
      class="property-image"
      src="http://i2.au.reastatic.net/640x480/20bfc8668a30e8cabf045a1cd54814a9042fc715a8be683ba196898333d68cec/main.jpg"
    />
    <div
      class="property-footer"
    >
      <span
        class="property-price"
      >
        $726,500
      </span>
      <button
        class="property-button "
        type="button"
      >
        Save
      </button>
    </div>
  </div>
</div>
`;
